api/cycle_store.py: error: Incompatible types in assignment (expression has type "now", target has type "KeyedColumnElement[Any]")  [assignment]
api/engine_node.py: error: "None" has no attribute "send"  [attr-defined]
api/engine_node.py: error: "object" has no attribute "close_position"  [attr-defined]
api/engine_node.py: error: "object" has no attribute "instrument_id"  [attr-defined]
api/engine_node.py: error: "object" has no attribute "params"  [attr-defined]
api/engine_node.py: error: Argument "leash" to "attach" has incompatible type "str"; expected "Literal['AUTO', 'CONFIRM', 'ALERT']"  [arg-type]
api/engine_node.py: error: Argument "transfer_px" to "TransferRequest" has incompatible type "Decimal | None"; expected "Decimal"  [arg-type]
api/engine_node.py: error: Argument 1 to "run_boot_gate" has incompatible type "dict[str, object]"; expected "dict[str, Lane]"  [arg-type]
api/engine_node.py: error: Argument 2 to "_handle_command" of "UiFeedStrategy" has incompatible type "Any | str"; expected "dict[Any, Any]"  [arg-type]
api/engine_node.py: error: Incompatible return value type (got "tuple[str, str | None]", expected "tuple[str, str]")  [return-value]
api/engine_node.py: error: Incompatible return value type (got "tuple[str, str, None, dict[Any, Any]]", expected "tuple[str, str, str | None]")  [return-value]
api/engine_node.py: error: Incompatible return value type (got "tuple[str, str, str, dict[Any, Any]]", expected "tuple[str, str, str | None]")  [return-value]
api/engine_node.py: error: Incompatible types in assignment (expression has type "list[str] | None", variable has type "list[str]")  [assignment]
api/engine_node.py: error: Incompatible types in assignment (expression has type "Notifier", variable has type "None")  [assignment]
api/engine_node.py: error: Item "int" of "Any | int | str" has no attribute "__iter__" (not iterable)  [union-attr]
api/engine_node.py: error: Item "None" of "AlpacaHttpClient | None" has no attribute "cancel_order"  [union-attr]
api/engine_node.py: error: Item "None" of "CommandLedgerStore | None" has no attribute "mark"  [union-attr]
api/engine_node.py: error: Item "None" of "FlattenPlan | None" has no attribute "quantity"  [union-attr]
api/engine_node.py: error: Item "None" of "FlattenPlan | None" has no attribute "side"  [union-attr]
api/engine_node.py: error: Need more than 3 values to unpack (4 expected)  [misc]
api/engine_node.py: error: Unpacking a string is disallowed  [str-unpack]
api/external_activity.py: error: Argument "origin" to "ExternalActivityDTO" has incompatible type "str"; expected "Literal['VENUE', 'RECONCILIATION', 'FOREIGN', 'UNKNOWN']"  [arg-type]
api/protection.py: error: Argument 1 to "add" of "set" has incompatible type "dict[Any, Any]"; expected "tuple[str, str]"  [arg-type]
api/protection.py: error: Argument 2 to "next" has incompatible type "tuple[str, str]"; expected "dict[Any, Any]"  [arg-type]
api/protection.py: error: Generator has incompatible item type "tuple[str, str]"; expected "dict[Any, Any]"  [misc]
api/protection.py: error: Incompatible types in assignment (expression has type "str | None", variable has type "str")  [assignment]
api/protection.py: error: No overload variant of "get" of "dict" matches argument types "dict[Any, Any]", "float"  [call-overload]
api/providers/alpaca/data_client.py: error: Argument 1 to "get" of "dict" has incompatible type "Any | None"; expected "str"  [arg-type]
api/providers/alpaca/data_client.py: error: Argument 1 to "get" of "dict" has incompatible type "tuple[Any | None, Any]"; expected "tuple[str, Any]"  [arg-type]
api/providers/alpaca/data_client.py: error: Argument 3 of "create" is incompatible with supertype "nautilus_trader.live.factories.LiveDataClientFactory"; supertype defines the argument type as "LiveDataClientConfig"  [override]
api/providers/alpaca/exec_client.py: error: Argument 3 of "create" is incompatible with supertype "nautilus_trader.live.factories.LiveExecClientFactory"; supertype defines the argument type as "LiveExecClientConfig"  [override]
api/providers/alpaca/http.py: error: Item "None" of "ClientSession | None" has no attribute "request"  [union-attr]
api/providers/databento.py: error: Item "str" of "str | dict[Never, Never]" has no attribute "get"  [union-attr]
api/providers/databento.py: error: No overload variant of "get" of "dict" matches argument types "str", "dict[Never, Never]"  [call-overload]
api/realized_broker.py: error: Argument 1 to "float" has incompatible type "Any | None"; expected "str | Buffer | SupportsFloat | SupportsIndex"  [arg-type]
api/realized_broker.py: error: callable? not callable  [misc]
api/realized_broker.py: error: Function "builtins.callable" is not valid as a type  [valid-type]
api/trade_cycle.py: error: Argument "state" to "TradeDTO" has incompatible type "str"; expected "Literal['HELD', 'ARMED', 'WATCH', 'CLOSED']"  [arg-type]
api/transfers.py: error: Argument "pricing_mode" to "TransferRequest" has incompatible type "str"; expected "Literal['MARKET', 'CARRY_OVER']"  [arg-type]
api/transfers.py: error: Argument "state" to "TransferProgress" has incompatible type "str"; expected "Literal['PREPARED', 'SOURCE_APPLIED', 'DEST_APPLIED', 'COMPLETED', 'FAILED']"  [arg-type]
strategies/momentum.py: error: Incompatible return value type (got "tuple[float, float, float]", expected "tuple[int, int, float]")  [return-value]
